---
source: src/parser/tests.rs
expression: "parse(\"\nif x: ...\nif True: pass\n1; 2; pass\n1; ...; a if b else c\n\ncontinue\n\nbreak\n\ndel a\ndel a, b, 1, 1 + 2,\ndel a, (b, c), d\n\nassert 1 < 2\nassert f()\nassert a and b\nassert x, 'error'\n\nglobal a\nglobal a, b, c\n\nreturn\nreturn a and b\nreturn 1 < 2\nreturn None\nreturn 1, 2,\nreturn x\nreturn f()\nreturn a.f()\n\nnonlocal a\nnonlocal a, b, c\n\nraise\nraise a\nraise 1 < 2\nraise a and b\nraise a from b\n\nimport a\nimport a.b.c\nimport a.b.c as d\nimport a, b, c\nimport foo.bar as a, a.b.c.d as abcd\n\nfrom a import b\nfrom . import a\nfrom foo.bar import baz as b, FooBar as fb\nfrom .a import b\nfrom ... import c\nfrom .......................... import d\nfrom ..........................a.b.c import d\nfrom module import (a, b as B, c,)\nfrom a import *\n\nif c: B; del A\nelse: C\nif x: yield x;\n\")"
---
ParsedFile {
    ast: Module {
        body: [
            If(
                IfStmt {
                    test: Id(
                        IdExpr {
                            id: "x",
                            ctx: Load,
                            range: 4..5,
                        },
                    ),
                    body: [
                        Expression(
                            ExpressionStmt {
                                value: Ellipsis(
                                    EllipsisExpr {
                                        range: 7..10,
                                    },
                                ),
                                range: 7..10,
                            },
                        ),
                    ],
                    elif_else_clauses: [],
                    range: 1..10,
                },
            ),
            If(
                IfStmt {
                    test: Literal(
                        LiteralExpr {
                            value: Bool(
                                True,
                            ),
                            range: 14..18,
                        },
                    ),
                    body: [
                        Pass(
                            PassStmt {
                                range: 20..24,
                            },
                        ),
                    ],
                    elif_else_clauses: [],
                    range: 11..24,
                },
            ),
            Expression(
                ExpressionStmt {
                    value: Literal(
                        LiteralExpr {
                            value: Int(
                                "1",
                            ),
                            range: 25..26,
                        },
                    ),
                    range: 25..26,
                },
            ),
            Expression(
                ExpressionStmt {
                    value: Literal(
                        LiteralExpr {
                            value: Int(
                                "2",
                            ),
                            range: 28..29,
                        },
                    ),
                    range: 28..29,
                },
            ),
            Pass(
                PassStmt {
                    range: 31..35,
                },
            ),
            Expression(
                ExpressionStmt {
                    value: Literal(
                        LiteralExpr {
                            value: Int(
                                "1",
                            ),
                            range: 36..37,
                        },
                    ),
                    range: 36..37,
                },
            ),
            Expression(
                ExpressionStmt {
                    value: Ellipsis(
                        EllipsisExpr {
                            range: 39..42,
                        },
                    ),
                    range: 39..42,
                },
            ),
            Expression(
                ExpressionStmt {
                    value: IfElse(
                        IfElseExpr {
                            body: Id(
                                IdExpr {
                                    id: "a",
                                    ctx: Load,
                                    range: 44..45,
                                },
                            ),
                            test: Id(
                                IdExpr {
                                    id: "b",
                                    ctx: Load,
                                    range: 49..50,
                                },
                            ),
                            orelse: Id(
                                IdExpr {
                                    id: "c",
                                    ctx: Load,
                                    range: 56..57,
                                },
                            ),
                            range: 44..57,
                        },
                    ),
                    range: 44..57,
                },
            ),
            Continue(
                ContinueStmt {
                    range: 59..67,
                },
            ),
            Break(
                BreakStmt {
                    range: 69..74,
                },
            ),
            Del(
                DelStmt {
                    targets: [
                        Id(
                            IdExpr {
                                id: "a",
                                ctx: Del,
                                range: 80..81,
                            },
                        ),
                    ],
                    range: 76..81,
                },
            ),
            Del(
                DelStmt {
                    targets: [
                        Id(
                            IdExpr {
                                id: "a",
                                ctx: Del,
                                range: 86..87,
                            },
                        ),
                        Id(
                            IdExpr {
                                id: "b",
                                ctx: Del,
                                range: 89..90,
                            },
                        ),
                        Literal(
                            LiteralExpr {
                                value: Int(
                                    "1",
                                ),
                                range: 92..93,
                            },
                        ),
                        BinaryOp(
                            BinaryOpExpr {
                                left: Literal(
                                    LiteralExpr {
                                        value: Int(
                                            "1",
                                        ),
                                        range: 95..96,
                                    },
                                ),
                                op: Add,
                                right: Literal(
                                    LiteralExpr {
                                        value: Int(
                                            "2",
                                        ),
                                        range: 99..100,
                                    },
                                ),
                                range: 95..100,
                            },
                        ),
                    ],
                    range: 82..101,
                },
            ),
            Del(
                DelStmt {
                    targets: [
                        Id(
                            IdExpr {
                                id: "a",
                                ctx: Del,
                                range: 106..107,
                            },
                        ),
                        Tuple(
                            TupleExpr {
                                elements: [
                                    Id(
                                        IdExpr {
                                            id: "b",
                                            ctx: Load,
                                            range: 110..111,
                                        },
                                    ),
                                    Id(
                                        IdExpr {
                                            id: "c",
                                            ctx: Load,
                                            range: 113..114,
                                        },
                                    ),
                                ],
                                ctx: Load,
                                range: 109..115,
                            },
                        ),
                        Id(
                            IdExpr {
                                id: "d",
                                ctx: Del,
                                range: 117..118,
                            },
                        ),
                    ],
                    range: 102..118,
                },
            ),
            Assert(
                AssertStmt {
                    test: Compare(
                        CompareExpr {
                            left: Literal(
                                LiteralExpr {
                                    value: Int(
                                        "1",
                                    ),
                                    range: 127..128,
                                },
                            ),
                            ops: [
                                Lt,
                            ],
                            comparators: [
                                Literal(
                                    LiteralExpr {
                                        value: Int(
                                            "2",
                                        ),
                                        range: 131..132,
                                    },
                                ),
                            ],
                            range: 127..132,
                        },
                    ),
                    message: None,
                    range: 120..132,
                },
            ),
            Assert(
                AssertStmt {
                    test: Call(
                        CallExpr {
                            func: Id(
                                IdExpr {
                                    id: "f",
                                    ctx: Load,
                                    range: 140..141,
                                },
                            ),
                            args: Arguments {
                                args: [],
                                kw_args: [],
                                range: 141..143,
                            },
                            range: 140..143,
                        },
                    ),
                    message: None,
                    range: 133..143,
                },
            ),
            Assert(
                AssertStmt {
                    test: BoolOp(
                        BoolOpExpr {
                            op: And,
                            values: [
                                Id(
                                    IdExpr {
                                        id: "a",
                                        ctx: Load,
                                        range: 151..152,
                                    },
                                ),
                                Id(
                                    IdExpr {
                                        id: "b",
                                        ctx: Load,
                                        range: 157..158,
                                    },
                                ),
                            ],
                            range: 151..158,
                        },
                    ),
                    message: None,
                    range: 144..158,
                },
            ),
            Assert(
                AssertStmt {
                    test: Id(
                        IdExpr {
                            id: "x",
                            ctx: Load,
                            range: 166..167,
                        },
                    ),
                    message: Some(
                        Literal(
                            LiteralExpr {
                                value: String(
                                    "error",
                                ),
                                range: 169..176,
                            },
                        ),
                    ),
                    range: 159..176,
                },
            ),
            Global(
                GlobalStmt {
                    names: [
                        Valid(
                            Identifier {
                                id: "a",
                                range: 185..186,
                            },
                        ),
                    ],
                    range: 178..186,
                },
            ),
            Global(
                GlobalStmt {
                    names: [
                        Valid(
                            Identifier {
                                id: "a",
                                range: 194..195,
                            },
                        ),
                        Valid(
                            Identifier {
                                id: "b",
                                range: 197..198,
                            },
                        ),
                        Valid(
                            Identifier {
                                id: "c",
                                range: 200..201,
                            },
                        ),
                    ],
                    range: 187..201,
                },
            ),
            Return(
                ReturnStmt {
                    value: None,
                    range: 203..209,
                },
            ),
            Return(
                ReturnStmt {
                    value: Some(
                        BoolOp(
                            BoolOpExpr {
                                op: And,
                                values: [
                                    Id(
                                        IdExpr {
                                            id: "a",
                                            ctx: Load,
                                            range: 217..218,
                                        },
                                    ),
                                    Id(
                                        IdExpr {
                                            id: "b",
                                            ctx: Load,
                                            range: 223..224,
                                        },
                                    ),
                                ],
                                range: 217..224,
                            },
                        ),
                    ),
                    range: 210..224,
                },
            ),
            Return(
                ReturnStmt {
                    value: Some(
                        Compare(
                            CompareExpr {
                                left: Literal(
                                    LiteralExpr {
                                        value: Int(
                                            "1",
                                        ),
                                        range: 232..233,
                                    },
                                ),
                                ops: [
                                    Lt,
                                ],
                                comparators: [
                                    Literal(
                                        LiteralExpr {
                                            value: Int(
                                                "2",
                                            ),
                                            range: 236..237,
                                        },
                                    ),
                                ],
                                range: 232..237,
                            },
                        ),
                    ),
                    range: 225..237,
                },
            ),
            Return(
                ReturnStmt {
                    value: Some(
                        Literal(
                            LiteralExpr {
                                value: None,
                                range: 245..249,
                            },
                        ),
                    ),
                    range: 238..249,
                },
            ),
            Return(
                ReturnStmt {
                    value: Some(
                        Tuple(
                            TupleExpr {
                                elements: [
                                    Literal(
                                        LiteralExpr {
                                            value: Int(
                                                "1",
                                            ),
                                            range: 257..258,
                                        },
                                    ),
                                    Literal(
                                        LiteralExpr {
                                            value: Int(
                                                "2",
                                            ),
                                            range: 260..261,
                                        },
                                    ),
                                ],
                                ctx: Load,
                                range: 257..262,
                            },
                        ),
                    ),
                    range: 250..262,
                },
            ),
            Return(
                ReturnStmt {
                    value: Some(
                        Id(
                            IdExpr {
                                id: "x",
                                ctx: Load,
                                range: 270..271,
                            },
                        ),
                    ),
                    range: 263..271,
                },
            ),
            Return(
                ReturnStmt {
                    value: Some(
                        Call(
                            CallExpr {
                                func: Id(
                                    IdExpr {
                                        id: "f",
                                        ctx: Load,
                                        range: 279..280,
                                    },
                                ),
                                args: Arguments {
                                    args: [],
                                    kw_args: [],
                                    range: 280..282,
                                },
                                range: 279..282,
                            },
                        ),
                    ),
                    range: 272..282,
                },
            ),
            Return(
                ReturnStmt {
                    value: Some(
                        Call(
                            CallExpr {
                                func: Attribute(
                                    AttributeExpr {
                                        value: Id(
                                            IdExpr {
                                                id: "a",
                                                ctx: Load,
                                                range: 290..291,
                                            },
                                        ),
                                        attr: Valid(
                                            Identifier {
                                                id: "f",
                                                range: 292..293,
                                            },
                                        ),
                                        ctx: Load,
                                        range: 290..293,
                                    },
                                ),
                                args: Arguments {
                                    args: [],
                                    kw_args: [],
                                    range: 293..295,
                                },
                                range: 290..295,
                            },
                        ),
                    ),
                    range: 283..295,
                },
            ),
            NonLocal(
                NonLocalStmt {
                    names: [
                        Valid(
                            Identifier {
                                id: "a",
                                range: 306..307,
                            },
                        ),
                    ],
                    range: 297..307,
                },
            ),
            NonLocal(
                NonLocalStmt {
                    names: [
                        Valid(
                            Identifier {
                                id: "a",
                                range: 317..318,
                            },
                        ),
                        Valid(
                            Identifier {
                                id: "b",
                                range: 320..321,
                            },
                        ),
                        Valid(
                            Identifier {
                                id: "c",
                                range: 323..324,
                            },
                        ),
                    ],
                    range: 308..324,
                },
            ),
            Raise(
                RaiseStmt {
                    exc: None,
                    cause: None,
                    range: 326..331,
                },
            ),
            Raise(
                RaiseStmt {
                    exc: Some(
                        Id(
                            IdExpr {
                                id: "a",
                                ctx: Load,
                                range: 338..339,
                            },
                        ),
                    ),
                    cause: None,
                    range: 332..339,
                },
            ),
            Raise(
                RaiseStmt {
                    exc: Some(
                        Compare(
                            CompareExpr {
                                left: Literal(
                                    LiteralExpr {
                                        value: Int(
                                            "1",
                                        ),
                                        range: 346..347,
                                    },
                                ),
                                ops: [
                                    Lt,
                                ],
                                comparators: [
                                    Literal(
                                        LiteralExpr {
                                            value: Int(
                                                "2",
                                            ),
                                            range: 350..351,
                                        },
                                    ),
                                ],
                                range: 346..351,
                            },
                        ),
                    ),
                    cause: None,
                    range: 340..351,
                },
            ),
            Raise(
                RaiseStmt {
                    exc: Some(
                        BoolOp(
                            BoolOpExpr {
                                op: And,
                                values: [
                                    Id(
                                        IdExpr {
                                            id: "a",
                                            ctx: Load,
                                            range: 358..359,
                                        },
                                    ),
                                    Id(
                                        IdExpr {
                                            id: "b",
                                            ctx: Load,
                                            range: 364..365,
                                        },
                                    ),
                                ],
                                range: 358..365,
                            },
                        ),
                    ),
                    cause: None,
                    range: 352..365,
                },
            ),
            Raise(
                RaiseStmt {
                    exc: Some(
                        Id(
                            IdExpr {
                                id: "a",
                                ctx: Load,
                                range: 372..373,
                            },
                        ),
                    ),
                    cause: Some(
                        Id(
                            IdExpr {
                                id: "b",
                                ctx: Load,
                                range: 379..380,
                            },
                        ),
                    ),
                    range: 366..380,
                },
            ),
            Import(
                ImportStmt {
                    names: [
                        Alias {
                            name: Identifier {
                                id: "a",
                                range: 389..390,
                            },
                            asname: None,
                            range: 389..390,
                        },
                    ],
                    range: 382..390,
                },
            ),
            Import(
                ImportStmt {
                    names: [
                        Alias {
                            name: Identifier {
                                id: "a.b.c",
                                range: 398..403,
                            },
                            asname: None,
                            range: 398..403,
                        },
                    ],
                    range: 391..403,
                },
            ),
            Import(
                ImportStmt {
                    names: [
                        Alias {
                            name: Identifier {
                                id: "a.b.c",
                                range: 411..421,
                            },
                            asname: Some(
                                Valid(
                                    Identifier {
                                        id: "d",
                                        range: 420..421,
                                    },
                                ),
                            ),
                            range: 411..421,
                        },
                    ],
                    range: 404..421,
                },
            ),
            Import(
                ImportStmt {
                    names: [
                        Alias {
                            name: Identifier {
                                id: "a",
                                range: 429..430,
                            },
                            asname: None,
                            range: 429..430,
                        },
                        Alias {
                            name: Identifier {
                                id: "b",
                                range: 432..433,
                            },
                            asname: None,
                            range: 432..433,
                        },
                        Alias {
                            name: Identifier {
                                id: "c",
                                range: 435..436,
                            },
                            asname: None,
                            range: 435..436,
                        },
                    ],
                    range: 422..436,
                },
            ),
            Import(
                ImportStmt {
                    names: [
                        Alias {
                            name: Identifier {
                                id: "foo.bar",
                                range: 444..456,
                            },
                            asname: Some(
                                Valid(
                                    Identifier {
                                        id: "a",
                                        range: 455..456,
                                    },
                                ),
                            ),
                            range: 444..456,
                        },
                        Alias {
                            name: Identifier {
                                id: "a.b.c.d",
                                range: 458..473,
                            },
                            asname: Some(
                                Valid(
                                    Identifier {
                                        id: "abcd",
                                        range: 469..473,
                                    },
                                ),
                            ),
                            range: 458..473,
                        },
                    ],
                    range: 437..473,
                },
            ),
            ImportFrom(
                ImportFromStmt {
                    module: Some(
                        Identifier {
                            id: "a",
                            range: 480..481,
                        },
                    ),
                    names: [
                        Alias {
                            name: Identifier {
                                id: "b",
                                range: 489..490,
                            },
                            asname: None,
                            range: 489..490,
                        },
                    ],
                    level: 0,
                    range: 475..490,
                },
            ),
            ImportFrom(
                ImportFromStmt {
                    module: None,
                    names: [
                        Alias {
                            name: Identifier {
                                id: "a",
                                range: 505..506,
                            },
                            asname: None,
                            range: 505..506,
                        },
                    ],
                    level: 1,
                    range: 491..506,
                },
            ),
            ImportFrom(
                ImportFromStmt {
                    module: Some(
                        Identifier {
                            id: "foo.bar",
                            range: 512..519,
                        },
                    ),
                    names: [
                        Alias {
                            name: Identifier {
                                id: "baz",
                                range: 527..535,
                            },
                            asname: Some(
                                Valid(
                                    Identifier {
                                        id: "b",
                                        range: 534..535,
                                    },
                                ),
                            ),
                            range: 527..535,
                        },
                        Alias {
                            name: Identifier {
                                id: "FooBar",
                                range: 537..549,
                            },
                            asname: Some(
                                Valid(
                                    Identifier {
                                        id: "fb",
                                        range: 547..549,
                                    },
                                ),
                            ),
                            range: 537..549,
                        },
                    ],
                    level: 0,
                    range: 507..549,
                },
            ),
            ImportFrom(
                ImportFromStmt {
                    module: Some(
                        Identifier {
                            id: "a",
                            range: 556..557,
                        },
                    ),
                    names: [
                        Alias {
                            name: Identifier {
                                id: "b",
                                range: 565..566,
                            },
                            asname: None,
                            range: 565..566,
                        },
                    ],
                    level: 1,
                    range: 550..566,
                },
            ),
            ImportFrom(
                ImportFromStmt {
                    module: None,
                    names: [
                        Alias {
                            name: Identifier {
                                id: "c",
                                range: 583..584,
                            },
                            asname: None,
                            range: 583..584,
                        },
                    ],
                    level: 3,
                    range: 567..584,
                },
            ),
            ImportFrom(
                ImportFromStmt {
                    module: None,
                    names: [
                        Alias {
                            name: Identifier {
                                id: "d",
                                range: 624..625,
                            },
                            asname: None,
                            range: 624..625,
                        },
                    ],
                    level: 26,
                    range: 585..625,
                },
            ),
            ImportFrom(
                ImportFromStmt {
                    module: Some(
                        Identifier {
                            id: "a.b.c",
                            range: 657..662,
                        },
                    ),
                    names: [
                        Alias {
                            name: Identifier {
                                id: "d",
                                range: 670..671,
                            },
                            asname: None,
                            range: 670..671,
                        },
                    ],
                    level: 26,
                    range: 626..671,
                },
            ),
            ImportFrom(
                ImportFromStmt {
                    module: Some(
                        Identifier {
                            id: "module",
                            range: 677..683,
                        },
                    ),
                    names: [
                        Alias {
                            name: Identifier {
                                id: "a",
                                range: 692..693,
                            },
                            asname: None,
                            range: 692..693,
                        },
                        Alias {
                            name: Identifier {
                                id: "b",
                                range: 695..701,
                            },
                            asname: Some(
                                Valid(
                                    Identifier {
                                        id: "B",
                                        range: 700..701,
                                    },
                                ),
                            ),
                            range: 695..701,
                        },
                        Alias {
                            name: Identifier {
                                id: "c",
                                range: 703..704,
                            },
                            asname: None,
                            range: 703..704,
                        },
                    ],
                    level: 0,
                    range: 672..706,
                },
            ),
            ImportFrom(
                ImportFromStmt {
                    module: Some(
                        Identifier {
                            id: "a",
                            range: 712..713,
                        },
                    ),
                    names: [
                        Alias {
                            name: Identifier {
                                id: "*",
                                range: 721..722,
                            },
                            asname: None,
                            range: 721..722,
                        },
                    ],
                    level: 0,
                    range: 707..722,
                },
            ),
            If(
                IfStmt {
                    test: Id(
                        IdExpr {
                            id: "c",
                            ctx: Load,
                            range: 727..728,
                        },
                    ),
                    body: [
                        Expression(
                            ExpressionStmt {
                                value: Id(
                                    IdExpr {
                                        id: "B",
                                        ctx: Load,
                                        range: 730..731,
                                    },
                                ),
                                range: 730..731,
                            },
                        ),
                        Del(
                            DelStmt {
                                targets: [
                                    Id(
                                        IdExpr {
                                            id: "A",
                                            ctx: Del,
                                            range: 737..738,
                                        },
                                    ),
                                ],
                                range: 733..738,
                            },
                        ),
                    ],
                    elif_else_clauses: [
                        ElifElseClause {
                            test: None,
                            body: [
                                Expression(
                                    ExpressionStmt {
                                        value: Id(
                                            IdExpr {
                                                id: "C",
                                                ctx: Load,
                                                range: 745..746,
                                            },
                                        ),
                                        range: 745..746,
                                    },
                                ),
                            ],
                            range: 739..746,
                        },
                    ],
                    range: 724..746,
                },
            ),
            If(
                IfStmt {
                    test: Id(
                        IdExpr {
                            id: "x",
                            ctx: Load,
                            range: 750..751,
                        },
                    ),
                    body: [
                        Expression(
                            ExpressionStmt {
                                value: Yield(
                                    YieldExpr {
                                        value: Some(
                                            Id(
                                                IdExpr {
                                                    id: "x",
                                                    ctx: Load,
                                                    range: 759..760,
                                                },
                                            ),
                                        ),
                                        range: 753..760,
                                    },
                                ),
                                range: 753..760,
                            },
                        ),
                    ],
                    elif_else_clauses: [],
                    range: 747..760,
                },
            ),
        ],
        range: 0..760,
    },
    parse_errors: [],
}
