---
source: src/parser/tests.rs
expression: "parse(\"\n{}\n{1:2, a:1, b:'hello'}\n{a:b, **d}\n{'foo': 'bar', **{'nested': 'dict'}}\n{x + 1: y * 2, **call()}\n{l: [1, 2, 3], t: (1,2,3), d: {1:2, 3:4}, s: {1, 2}}\n{**d}\n{1: 2, **{'nested': 'dict'}}\n{a: c}\n{i: tuple(j for j in t if i != j)\n           for t in L\n           for i in t}\n{\n    'A': lambda p: None,\n    'B': C,\n}\n{**a, **b}\n\")"
---
ParsedFile {
    ast: Module {
        body: [
            Expression(
                ExpressionStmt {
                    value: Dict(
                        DictExpr {
                            keys: [],
                            values: [],
                            range: 1..3,
                        },
                    ),
                    range: 1..3,
                },
            ),
            Expression(
                ExpressionStmt {
                    value: Dict(
                        DictExpr {
                            keys: [
                                Some(
                                    Literal(
                                        LiteralExpr {
                                            value: Int(
                                                "1",
                                            ),
                                            range: 5..6,
                                        },
                                    ),
                                ),
                                Some(
                                    Id(
                                        IdExpr {
                                            id: "a",
                                            ctx: Load,
                                            range: 10..11,
                                        },
                                    ),
                                ),
                                Some(
                                    Id(
                                        IdExpr {
                                            id: "b",
                                            ctx: Load,
                                            range: 15..16,
                                        },
                                    ),
                                ),
                            ],
                            values: [
                                Literal(
                                    LiteralExpr {
                                        value: Int(
                                            "2",
                                        ),
                                        range: 7..8,
                                    },
                                ),
                                Literal(
                                    LiteralExpr {
                                        value: Int(
                                            "1",
                                        ),
                                        range: 12..13,
                                    },
                                ),
                                Literal(
                                    LiteralExpr {
                                        value: String(
                                            "hello",
                                        ),
                                        range: 17..24,
                                    },
                                ),
                            ],
                            range: 4..25,
                        },
                    ),
                    range: 4..25,
                },
            ),
            Expression(
                ExpressionStmt {
                    value: Dict(
                        DictExpr {
                            keys: [
                                Some(
                                    Id(
                                        IdExpr {
                                            id: "a",
                                            ctx: Load,
                                            range: 27..28,
                                        },
                                    ),
                                ),
                                None,
                            ],
                            values: [
                                Id(
                                    IdExpr {
                                        id: "b",
                                        ctx: Load,
                                        range: 29..30,
                                    },
                                ),
                                Id(
                                    IdExpr {
                                        id: "d",
                                        ctx: Load,
                                        range: 34..35,
                                    },
                                ),
                            ],
                            range: 26..36,
                        },
                    ),
                    range: 26..36,
                },
            ),
            Expression(
                ExpressionStmt {
                    value: Dict(
                        DictExpr {
                            keys: [
                                Some(
                                    Literal(
                                        LiteralExpr {
                                            value: String(
                                                "foo",
                                            ),
                                            range: 38..43,
                                        },
                                    ),
                                ),
                                None,
                            ],
                            values: [
                                Literal(
                                    LiteralExpr {
                                        value: String(
                                            "bar",
                                        ),
                                        range: 45..50,
                                    },
                                ),
                                Dict(
                                    DictExpr {
                                        keys: [
                                            Some(
                                                Literal(
                                                    LiteralExpr {
                                                        value: String(
                                                            "nested",
                                                        ),
                                                        range: 55..63,
                                                    },
                                                ),
                                            ),
                                        ],
                                        values: [
                                            Literal(
                                                LiteralExpr {
                                                    value: String(
                                                        "dict",
                                                    ),
                                                    range: 65..71,
                                                },
                                            ),
                                        ],
                                        range: 54..72,
                                    },
                                ),
                            ],
                            range: 37..73,
                        },
                    ),
                    range: 37..73,
                },
            ),
            Expression(
                ExpressionStmt {
                    value: Dict(
                        DictExpr {
                            keys: [
                                Some(
                                    BinaryOp(
                                        BinaryOpExpr {
                                            left: Id(
                                                IdExpr {
                                                    id: "x",
                                                    ctx: Load,
                                                    range: 75..76,
                                                },
                                            ),
                                            op: Add,
                                            right: Literal(
                                                LiteralExpr {
                                                    value: Int(
                                                        "1",
                                                    ),
                                                    range: 79..80,
                                                },
                                            ),
                                            range: 75..80,
                                        },
                                    ),
                                ),
                                None,
                            ],
                            values: [
                                BinaryOp(
                                    BinaryOpExpr {
                                        left: Id(
                                            IdExpr {
                                                id: "y",
                                                ctx: Load,
                                                range: 82..83,
                                            },
                                        ),
                                        op: Mult,
                                        right: Literal(
                                            LiteralExpr {
                                                value: Int(
                                                    "2",
                                                ),
                                                range: 86..87,
                                            },
                                        ),
                                        range: 82..87,
                                    },
                                ),
                                Call(
                                    CallExpr {
                                        func: Id(
                                            IdExpr {
                                                id: "call",
                                                ctx: Load,
                                                range: 91..95,
                                            },
                                        ),
                                        args: Arguments {
                                            args: [],
                                            kw_args: [],
                                            range: 95..97,
                                        },
                                        range: 91..97,
                                    },
                                ),
                            ],
                            range: 74..98,
                        },
                    ),
                    range: 74..98,
                },
            ),
            Expression(
                ExpressionStmt {
                    value: Dict(
                        DictExpr {
                            keys: [
                                Some(
                                    Id(
                                        IdExpr {
                                            id: "l",
                                            ctx: Load,
                                            range: 100..101,
                                        },
                                    ),
                                ),
                                Some(
                                    Id(
                                        IdExpr {
                                            id: "t",
                                            ctx: Load,
                                            range: 114..115,
                                        },
                                    ),
                                ),
                                Some(
                                    Id(
                                        IdExpr {
                                            id: "d",
                                            ctx: Load,
                                            range: 126..127,
                                        },
                                    ),
                                ),
                                Some(
                                    Id(
                                        IdExpr {
                                            id: "s",
                                            ctx: Load,
                                            range: 141..142,
                                        },
                                    ),
                                ),
                            ],
                            values: [
                                List(
                                    ListExpr {
                                        elements: [
                                            Literal(
                                                LiteralExpr {
                                                    value: Int(
                                                        "1",
                                                    ),
                                                    range: 104..105,
                                                },
                                            ),
                                            Literal(
                                                LiteralExpr {
                                                    value: Int(
                                                        "2",
                                                    ),
                                                    range: 107..108,
                                                },
                                            ),
                                            Literal(
                                                LiteralExpr {
                                                    value: Int(
                                                        "3",
                                                    ),
                                                    range: 110..111,
                                                },
                                            ),
                                        ],
                                        ctx: Load,
                                        range: 103..112,
                                    },
                                ),
                                Tuple(
                                    TupleExpr {
                                        elements: [
                                            Literal(
                                                LiteralExpr {
                                                    value: Int(
                                                        "1",
                                                    ),
                                                    range: 118..119,
                                                },
                                            ),
                                            Literal(
                                                LiteralExpr {
                                                    value: Int(
                                                        "2",
                                                    ),
                                                    range: 120..121,
                                                },
                                            ),
                                            Literal(
                                                LiteralExpr {
                                                    value: Int(
                                                        "3",
                                                    ),
                                                    range: 122..123,
                                                },
                                            ),
                                        ],
                                        ctx: Load,
                                        range: 117..124,
                                    },
                                ),
                                Dict(
                                    DictExpr {
                                        keys: [
                                            Some(
                                                Literal(
                                                    LiteralExpr {
                                                        value: Int(
                                                            "1",
                                                        ),
                                                        range: 130..131,
                                                    },
                                                ),
                                            ),
                                            Some(
                                                Literal(
                                                    LiteralExpr {
                                                        value: Int(
                                                            "3",
                                                        ),
                                                        range: 135..136,
                                                    },
                                                ),
                                            ),
                                        ],
                                        values: [
                                            Literal(
                                                LiteralExpr {
                                                    value: Int(
                                                        "2",
                                                    ),
                                                    range: 132..133,
                                                },
                                            ),
                                            Literal(
                                                LiteralExpr {
                                                    value: Int(
                                                        "4",
                                                    ),
                                                    range: 137..138,
                                                },
                                            ),
                                        ],
                                        range: 129..139,
                                    },
                                ),
                                Set(
                                    SetExpr {
                                        elements: [
                                            Literal(
                                                LiteralExpr {
                                                    value: Int(
                                                        "1",
                                                    ),
                                                    range: 145..146,
                                                },
                                            ),
                                            Literal(
                                                LiteralExpr {
                                                    value: Int(
                                                        "2",
                                                    ),
                                                    range: 148..149,
                                                },
                                            ),
                                        ],
                                        range: 144..150,
                                    },
                                ),
                            ],
                            range: 99..151,
                        },
                    ),
                    range: 99..151,
                },
            ),
            Expression(
                ExpressionStmt {
                    value: Dict(
                        DictExpr {
                            keys: [
                                None,
                            ],
                            values: [
                                Id(
                                    IdExpr {
                                        id: "d",
                                        ctx: Load,
                                        range: 155..156,
                                    },
                                ),
                            ],
                            range: 152..157,
                        },
                    ),
                    range: 152..157,
                },
            ),
            Expression(
                ExpressionStmt {
                    value: Dict(
                        DictExpr {
                            keys: [
                                Some(
                                    Literal(
                                        LiteralExpr {
                                            value: Int(
                                                "1",
                                            ),
                                            range: 159..160,
                                        },
                                    ),
                                ),
                                None,
                            ],
                            values: [
                                Literal(
                                    LiteralExpr {
                                        value: Int(
                                            "2",
                                        ),
                                        range: 162..163,
                                    },
                                ),
                                Dict(
                                    DictExpr {
                                        keys: [
                                            Some(
                                                Literal(
                                                    LiteralExpr {
                                                        value: String(
                                                            "nested",
                                                        ),
                                                        range: 168..176,
                                                    },
                                                ),
                                            ),
                                        ],
                                        values: [
                                            Literal(
                                                LiteralExpr {
                                                    value: String(
                                                        "dict",
                                                    ),
                                                    range: 178..184,
                                                },
                                            ),
                                        ],
                                        range: 167..185,
                                    },
                                ),
                            ],
                            range: 158..186,
                        },
                    ),
                    range: 158..186,
                },
            ),
            Expression(
                ExpressionStmt {
                    value: Dict(
                        DictExpr {
                            keys: [
                                Some(
                                    Id(
                                        IdExpr {
                                            id: "a",
                                            ctx: Load,
                                            range: 188..189,
                                        },
                                    ),
                                ),
                            ],
                            values: [
                                Id(
                                    IdExpr {
                                        id: "c",
                                        ctx: Load,
                                        range: 191..192,
                                    },
                                ),
                            ],
                            range: 187..193,
                        },
                    ),
                    range: 187..193,
                },
            ),
            Expression(
                ExpressionStmt {
                    value: DictComp(
                        DictCompExpr {
                            key: Id(
                                IdExpr {
                                    id: "i",
                                    ctx: Load,
                                    range: 195..196,
                                },
                            ),
                            value: Call(
                                CallExpr {
                                    func: Id(
                                        IdExpr {
                                            id: "tuple",
                                            ctx: Load,
                                            range: 198..203,
                                        },
                                    ),
                                    args: Arguments {
                                        args: [
                                            Generator(
                                                GeneratorExpr {
                                                    element: Id(
                                                        IdExpr {
                                                            id: "j",
                                                            ctx: Load,
                                                            range: 204..205,
                                                        },
                                                    ),
                                                    generators: [
                                                        Comprehension {
                                                            target: Id(
                                                                IdExpr {
                                                                    id: "j",
                                                                    ctx: Store,
                                                                    range: 210..211,
                                                                },
                                                            ),
                                                            iter: Id(
                                                                IdExpr {
                                                                    id: "t",
                                                                    ctx: Load,
                                                                    range: 215..216,
                                                                },
                                                            ),
                                                            ifs: [
                                                                Compare(
                                                                    CompareExpr {
                                                                        left: Id(
                                                                            IdExpr {
                                                                                id: "i",
                                                                                ctx: Load,
                                                                                range: 220..221,
                                                                            },
                                                                        ),
                                                                        ops: [
                                                                            NotEq,
                                                                        ],
                                                                        comparators: [
                                                                            Id(
                                                                                IdExpr {
                                                                                    id: "j",
                                                                                    ctx: Load,
                                                                                    range: 225..226,
                                                                                },
                                                                            ),
                                                                        ],
                                                                        range: 220..226,
                                                                    },
                                                                ),
                                                            ],
                                                            is_async: false,
                                                            range: 206..226,
                                                        },
                                                    ],
                                                    range: 204..226,
                                                },
                                            ),
                                        ],
                                        kw_args: [],
                                        range: 203..227,
                                    },
                                    range: 198..227,
                                },
                            ),
                            generators: [
                                Comprehension {
                                    target: Id(
                                        IdExpr {
                                            id: "t",
                                            ctx: Store,
                                            range: 243..244,
                                        },
                                    ),
                                    iter: Id(
                                        IdExpr {
                                            id: "L",
                                            ctx: Load,
                                            range: 248..249,
                                        },
                                    ),
                                    ifs: [],
                                    is_async: false,
                                    range: 239..249,
                                },
                                Comprehension {
                                    target: Id(
                                        IdExpr {
                                            id: "i",
                                            ctx: Store,
                                            range: 265..266,
                                        },
                                    ),
                                    iter: Id(
                                        IdExpr {
                                            id: "t",
                                            ctx: Load,
                                            range: 270..271,
                                        },
                                    ),
                                    ifs: [],
                                    is_async: false,
                                    range: 261..271,
                                },
                            ],
                            range: 194..272,
                        },
                    ),
                    range: 194..272,
                },
            ),
            Expression(
                ExpressionStmt {
                    value: Dict(
                        DictExpr {
                            keys: [
                                Some(
                                    Literal(
                                        LiteralExpr {
                                            value: String(
                                                "A",
                                            ),
                                            range: 279..282,
                                        },
                                    ),
                                ),
                                Some(
                                    Literal(
                                        LiteralExpr {
                                            value: String(
                                                "B",
                                            ),
                                            range: 304..307,
                                        },
                                    ),
                                ),
                            ],
                            values: [
                                Lambda(
                                    LambdaExpr {
                                        parameters: Some(
                                            Parameters {
                                                kwarg: None,
                                                vararg: None,
                                                args: [
                                                    ParameterWithDefault {
                                                        parameter: Parameter {
                                                            name: Valid(
                                                                Identifier {
                                                                    id: "p",
                                                                    range: 291..292,
                                                                },
                                                            ),
                                                            annotation: None,
                                                            range: 291..292,
                                                        },
                                                        default: None,
                                                        range: 291..292,
                                                    },
                                                ],
                                                posonlyargs: [],
                                                kwonlyargs: [],
                                                range: 291..292,
                                            },
                                        ),
                                        body: Literal(
                                            LiteralExpr {
                                                value: None,
                                                range: 294..298,
                                            },
                                        ),
                                        range: 284..298,
                                    },
                                ),
                                Id(
                                    IdExpr {
                                        id: "C",
                                        ctx: Load,
                                        range: 309..310,
                                    },
                                ),
                            ],
                            range: 273..313,
                        },
                    ),
                    range: 273..313,
                },
            ),
            Expression(
                ExpressionStmt {
                    value: Dict(
                        DictExpr {
                            keys: [
                                None,
                                None,
                            ],
                            values: [
                                Id(
                                    IdExpr {
                                        id: "a",
                                        ctx: Load,
                                        range: 317..318,
                                    },
                                ),
                                Id(
                                    IdExpr {
                                        id: "b",
                                        ctx: Load,
                                        range: 322..323,
                                    },
                                ),
                            ],
                            range: 314..324,
                        },
                    ),
                    range: 314..324,
                },
            ),
        ],
        range: 0..324,
    },
    parse_errors: [],
}
