---
source: src/parser/tests.rs
expression: "parse(\"\ntype Point = tuple[float, float]\ntype Point[T] = tuple[T, T]\ntype IntFunc[**P] = Callable[P, int]  # ParamSpec\ntype LabeledTuple[*Ts] = tuple[str, *Ts]  # TypeVarTuple\ntype HashableSequence[T: Hashable] = Sequence[T]  # TypeVar with bound\ntype IntOrStrSequence[T: (int, str)] = Sequence[T]  # TypeVar with constraints\n\")"
---
ParsedFile {
    ast: Module {
        body: [
            TypeAlias(
                TypeAlias {
                    name: Id(
                        IdExpr {
                            id: "Point",
                            ctx: Load,
                            range: 6..11,
                        },
                    ),
                    type_params: None,
                    value: Subscript(
                        SubscriptExpr {
                            value: Id(
                                IdExpr {
                                    id: "tuple",
                                    ctx: Load,
                                    range: 14..19,
                                },
                            ),
                            slice: Tuple(
                                TupleExpr {
                                    elements: [
                                        Id(
                                            IdExpr {
                                                id: "float",
                                                ctx: Load,
                                                range: 20..25,
                                            },
                                        ),
                                        Id(
                                            IdExpr {
                                                id: "float",
                                                ctx: Load,
                                                range: 27..32,
                                            },
                                        ),
                                    ],
                                    ctx: Load,
                                    range: 20..32,
                                },
                            ),
                            ctx: Load,
                            range: 14..33,
                        },
                    ),
                    range: 1..33,
                },
            ),
            TypeAlias(
                TypeAlias {
                    name: Id(
                        IdExpr {
                            id: "Point",
                            ctx: Load,
                            range: 39..44,
                        },
                    ),
                    type_params: Some(
                        TypeParams {
                            type_params: [
                                TypeVar(
                                    TypeParamTypeVar {
                                        name: Valid(
                                            Identifier {
                                                id: "T",
                                                range: 45..46,
                                            },
                                        ),
                                        bound: None,
                                        range: 45..46,
                                    },
                                ),
                            ],
                            range: 44..47,
                        },
                    ),
                    value: Subscript(
                        SubscriptExpr {
                            value: Id(
                                IdExpr {
                                    id: "tuple",
                                    ctx: Load,
                                    range: 50..55,
                                },
                            ),
                            slice: Tuple(
                                TupleExpr {
                                    elements: [
                                        Id(
                                            IdExpr {
                                                id: "T",
                                                ctx: Load,
                                                range: 56..57,
                                            },
                                        ),
                                        Id(
                                            IdExpr {
                                                id: "T",
                                                ctx: Load,
                                                range: 59..60,
                                            },
                                        ),
                                    ],
                                    ctx: Load,
                                    range: 56..60,
                                },
                            ),
                            ctx: Load,
                            range: 50..61,
                        },
                    ),
                    range: 34..61,
                },
            ),
            TypeAlias(
                TypeAlias {
                    name: Id(
                        IdExpr {
                            id: "IntFunc",
                            ctx: Load,
                            range: 67..74,
                        },
                    ),
                    type_params: Some(
                        TypeParams {
                            type_params: [
                                ParamSpec(
                                    TypeParamSpec {
                                        name: Valid(
                                            Identifier {
                                                id: "P",
                                                range: 77..78,
                                            },
                                        ),
                                        range: 75..78,
                                    },
                                ),
                            ],
                            range: 74..79,
                        },
                    ),
                    value: Subscript(
                        SubscriptExpr {
                            value: Id(
                                IdExpr {
                                    id: "Callable",
                                    ctx: Load,
                                    range: 82..90,
                                },
                            ),
                            slice: Tuple(
                                TupleExpr {
                                    elements: [
                                        Id(
                                            IdExpr {
                                                id: "P",
                                                ctx: Load,
                                                range: 91..92,
                                            },
                                        ),
                                        Id(
                                            IdExpr {
                                                id: "int",
                                                ctx: Load,
                                                range: 94..97,
                                            },
                                        ),
                                    ],
                                    ctx: Load,
                                    range: 91..97,
                                },
                            ),
                            ctx: Load,
                            range: 82..98,
                        },
                    ),
                    range: 62..98,
                },
            ),
            TypeAlias(
                TypeAlias {
                    name: Id(
                        IdExpr {
                            id: "LabeledTuple",
                            ctx: Load,
                            range: 117..129,
                        },
                    ),
                    type_params: Some(
                        TypeParams {
                            type_params: [
                                TypeVarTuple(
                                    TypeParamTypeVarTuple {
                                        name: Valid(
                                            Identifier {
                                                id: "Ts",
                                                range: 131..133,
                                            },
                                        ),
                                        range: 130..133,
                                    },
                                ),
                            ],
                            range: 129..134,
                        },
                    ),
                    value: Subscript(
                        SubscriptExpr {
                            value: Id(
                                IdExpr {
                                    id: "tuple",
                                    ctx: Load,
                                    range: 137..142,
                                },
                            ),
                            slice: Tuple(
                                TupleExpr {
                                    elements: [
                                        Id(
                                            IdExpr {
                                                id: "str",
                                                ctx: Load,
                                                range: 143..146,
                                            },
                                        ),
                                        Starred(
                                            StarredExpr {
                                                value: Id(
                                                    IdExpr {
                                                        id: "Ts",
                                                        ctx: Load,
                                                        range: 149..151,
                                                    },
                                                ),
                                                ctx: Load,
                                                range: 148..151,
                                            },
                                        ),
                                    ],
                                    ctx: Load,
                                    range: 143..151,
                                },
                            ),
                            ctx: Load,
                            range: 137..152,
                        },
                    ),
                    range: 112..152,
                },
            ),
            TypeAlias(
                TypeAlias {
                    name: Id(
                        IdExpr {
                            id: "HashableSequence",
                            ctx: Load,
                            range: 174..190,
                        },
                    ),
                    type_params: Some(
                        TypeParams {
                            type_params: [
                                TypeVar(
                                    TypeParamTypeVar {
                                        name: Valid(
                                            Identifier {
                                                id: "T",
                                                range: 191..192,
                                            },
                                        ),
                                        bound: Some(
                                            Id(
                                                IdExpr {
                                                    id: "Hashable",
                                                    ctx: Load,
                                                    range: 194..202,
                                                },
                                            ),
                                        ),
                                        range: 191..202,
                                    },
                                ),
                            ],
                            range: 190..203,
                        },
                    ),
                    value: Subscript(
                        SubscriptExpr {
                            value: Id(
                                IdExpr {
                                    id: "Sequence",
                                    ctx: Load,
                                    range: 206..214,
                                },
                            ),
                            slice: Id(
                                IdExpr {
                                    id: "T",
                                    ctx: Load,
                                    range: 215..216,
                                },
                            ),
                            ctx: Load,
                            range: 206..217,
                        },
                    ),
                    range: 169..217,
                },
            ),
            TypeAlias(
                TypeAlias {
                    name: Id(
                        IdExpr {
                            id: "IntOrStrSequence",
                            ctx: Load,
                            range: 245..261,
                        },
                    ),
                    type_params: Some(
                        TypeParams {
                            type_params: [
                                TypeVar(
                                    TypeParamTypeVar {
                                        name: Valid(
                                            Identifier {
                                                id: "T",
                                                range: 262..263,
                                            },
                                        ),
                                        bound: Some(
                                            Tuple(
                                                TupleExpr {
                                                    elements: [
                                                        Id(
                                                            IdExpr {
                                                                id: "int",
                                                                ctx: Load,
                                                                range: 266..269,
                                                            },
                                                        ),
                                                        Id(
                                                            IdExpr {
                                                                id: "str",
                                                                ctx: Load,
                                                                range: 271..274,
                                                            },
                                                        ),
                                                    ],
                                                    ctx: Load,
                                                    range: 265..275,
                                                },
                                            ),
                                        ),
                                        range: 262..275,
                                    },
                                ),
                            ],
                            range: 261..276,
                        },
                    ),
                    value: Subscript(
                        SubscriptExpr {
                            value: Id(
                                IdExpr {
                                    id: "Sequence",
                                    ctx: Load,
                                    range: 279..287,
                                },
                            ),
                            slice: Id(
                                IdExpr {
                                    id: "T",
                                    ctx: Load,
                                    range: 288..289,
                                },
                            ),
                            ctx: Load,
                            range: 279..290,
                        },
                    ),
                    range: 240..290,
                },
            ),
        ],
        range: 0..290,
    },
    parse_errors: [],
}
