---
source: src/lexer/mod.rs
expression: "LexerDebug::new(&lexer, source)"
---
[
    "f\"" FStringStart 0..2,
    "{" OpenBrace 2..3,
    "}" CloseBrace 3..4,
    "\"" FStringEnd 4..5,
    "f\"" FStringStart 6..8,
    "{{}}" FStringMiddle { is_raw: false } 8..12,
    "\"" FStringEnd 12..13,
    "f\"" FStringStart 14..16,
    " " FStringMiddle { is_raw: false } 16..17,
    "{" OpenBrace 17..18,
    "}" CloseBrace 18..19,
    "\"" FStringEnd 19..20,
    "f\"" FStringStart 21..23,
    "{{" FStringMiddle { is_raw: false } 23..25,
    "{" OpenBrace 25..26,
    "}" CloseBrace 26..27,
    "}}" FStringMiddle { is_raw: false } 27..29,
    "\"" FStringEnd 29..30,
    "f\"" FStringStart 31..33,
    "{{{{}}}}" FStringMiddle { is_raw: false } 33..41,
    "\"" FStringEnd 41..42,
    "f\"" FStringStart 43..45,
    " " FStringMiddle { is_raw: false } 45..46,
    "{" OpenBrace 46..47,
    "}" CloseBrace 47..48,
    " {{}} {{" FStringMiddle { is_raw: false } 48..56,
    "{" OpenBrace 56..57,
    "}" CloseBrace 57..58,
    "}} {{{{}}}}  " FStringMiddle { is_raw: false } 58..71,
    "\"" FStringEnd 71..72,
    "" NewLine 72..72,
]
