---
source: crates/python_parser/src/parser/tests/suite.rs
expression: parse_ast
---
(
    Dict(
        DictExpr {
            range: 0..25,
            keys: [
                Some(
                    StringLiteral(
                        StringLiteralExpr {
                            range: 1..4,
                            value: StringLiteralValue {
                                inner: Single(
                                    StringLiteral {
                                        range: 1..4,
                                        value: "a",
                                        unicode: false,
                                    },
                                ),
                            },
                        },
                    ),
                ),
                None,
                Some(
                    StringLiteral(
                        StringLiteralExpr {
                            range: 16..19,
                            value: StringLiteralValue {
                                inner: Single(
                                    StringLiteral {
                                        range: 16..19,
                                        value: "d",
                                        unicode: false,
                                    },
                                ),
                            },
                        },
                    ),
                ),
            ],
            values: [
                StringLiteral(
                    StringLiteralExpr {
                        range: 6..9,
                        value: StringLiteralValue {
                            inner: Single(
                                StringLiteral {
                                    range: 6..9,
                                    value: "b",
                                    unicode: false,
                                },
                            ),
                        },
                    },
                ),
                Name(
                    NameExpr {
                        range: 13..14,
                        id: "c",
                        ctx: Load,
                    },
                ),
                StringLiteral(
                    StringLiteralExpr {
                        range: 21..24,
                        value: StringLiteralValue {
                            inner: Single(
                                StringLiteral {
                                    range: 21..24,
                                    value: "e",
                                    unicode: false,
                                },
                            ),
                        },
                    },
                ),
            ],
        },
    ),
    [],
)
