---
source: crates/python_parser/tests/fixtures.rs
input_file: crates/python_parser/resources/valid/statement/augmented_assignment.py
---
## AST

```
Module(
    ModModule {
        range: 0..212,
        body: [
            AugAssign(
                AugAssignStmt {
                    range: 0..6,
                    target: Name(
                        NameExpr {
                            range: 0..1,
                            id: Name("x"),
                            ctx: Store,
                        },
                    ),
                    op: Add,
                    value: NumberLiteral(
                        NumberLiteralExpr {
                            range: 5..6,
                            value: Int(
                                1,
                            ),
                        },
                    ),
                },
            ),
            AugAssign(
                AugAssignStmt {
                    range: 7..23,
                    target: Attribute(
                        AttributeExpr {
                            range: 7..10,
                            value: Name(
                                NameExpr {
                                    range: 7..8,
                                    id: Name("x"),
                                    ctx: Load,
                                },
                            ),
                            attr: Identifier {
                                id: Name("y"),
                                range: 9..10,
                            },
                            ctx: Store,
                        },
                    ),
                    op: Add,
                    value: Tuple(
                        TupleExpr {
                            range: 14..23,
                            elts: [
                                NumberLiteral(
                                    NumberLiteralExpr {
                                        range: 15..16,
                                        value: Int(
                                            1,
                                        ),
                                    },
                                ),
                                NumberLiteral(
                                    NumberLiteralExpr {
                                        range: 18..19,
                                        value: Int(
                                            2,
                                        ),
                                    },
                                ),
                                NumberLiteral(
                                    NumberLiteralExpr {
                                        range: 21..22,
                                        value: Int(
                                            3,
                                        ),
                                    },
                                ),
                            ],
                            ctx: Load,
                            parenthesized: true,
                        },
                    ),
                },
            ),
            AugAssign(
                AugAssignStmt {
                    range: 24..41,
                    target: Subscript(
                        SubscriptExpr {
                            range: 24..28,
                            value: Name(
                                NameExpr {
                                    range: 24..25,
                                    id: Name("x"),
                                    ctx: Load,
                                },
                            ),
                            slice: Name(
                                NameExpr {
                                    range: 26..27,
                                    id: Name("y"),
                                    ctx: Load,
                                },
                            ),
                            ctx: Store,
                        },
                    ),
                    op: Add,
                    value: Tuple(
                        TupleExpr {
                            range: 32..41,
                            elts: [
                                NumberLiteral(
                                    NumberLiteralExpr {
                                        range: 33..34,
                                        value: Int(
                                            1,
                                        ),
                                    },
                                ),
                                NumberLiteral(
                                    NumberLiteralExpr {
                                        range: 36..37,
                                        value: Int(
                                            2,
                                        ),
                                    },
                                ),
                                NumberLiteral(
                                    NumberLiteralExpr {
                                        range: 39..40,
                                        value: Int(
                                            3,
                                        ),
                                    },
                                ),
                            ],
                            ctx: Load,
                            parenthesized: true,
                        },
                    ),
                },
            ),
            AugAssign(
                AugAssignStmt {
                    range: 86..92,
                    target: Name(
                        NameExpr {
                            range: 86..87,
                            id: Name("x"),
                            ctx: Store,
                        },
                    ),
                    op: Add,
                    value: NumberLiteral(
                        NumberLiteralExpr {
                            range: 91..92,
                            value: Int(
                                1,
                            ),
                        },
                    ),
                },
            ),
            AugAssign(
                AugAssignStmt {
                    range: 93..99,
                    target: Name(
                        NameExpr {
                            range: 93..94,
                            id: Name("x"),
                            ctx: Store,
                        },
                    ),
                    op: Sub,
                    value: NumberLiteral(
                        NumberLiteralExpr {
                            range: 98..99,
                            value: Int(
                                1,
                            ),
                        },
                    ),
                },
            ),
            AugAssign(
                AugAssignStmt {
                    range: 100..106,
                    target: Name(
                        NameExpr {
                            range: 100..101,
                            id: Name("x"),
                            ctx: Store,
                        },
                    ),
                    op: Mult,
                    value: NumberLiteral(
                        NumberLiteralExpr {
                            range: 105..106,
                            value: Int(
                                1,
                            ),
                        },
                    ),
                },
            ),
            AugAssign(
                AugAssignStmt {
                    range: 107..113,
                    target: Name(
                        NameExpr {
                            range: 107..108,
                            id: Name("x"),
                            ctx: Store,
                        },
                    ),
                    op: Div,
                    value: NumberLiteral(
                        NumberLiteralExpr {
                            range: 112..113,
                            value: Int(
                                1,
                            ),
                        },
                    ),
                },
            ),
            AugAssign(
                AugAssignStmt {
                    range: 114..121,
                    target: Name(
                        NameExpr {
                            range: 114..115,
                            id: Name("x"),
                            ctx: Store,
                        },
                    ),
                    op: FloorDiv,
                    value: NumberLiteral(
                        NumberLiteralExpr {
                            range: 120..121,
                            value: Int(
                                1,
                            ),
                        },
                    ),
                },
            ),
            AugAssign(
                AugAssignStmt {
                    range: 122..128,
                    target: Name(
                        NameExpr {
                            range: 122..123,
                            id: Name("x"),
                            ctx: Store,
                        },
                    ),
                    op: Mod,
                    value: NumberLiteral(
                        NumberLiteralExpr {
                            range: 127..128,
                            value: Int(
                                1,
                            ),
                        },
                    ),
                },
            ),
            AugAssign(
                AugAssignStmt {
                    range: 129..136,
                    target: Name(
                        NameExpr {
                            range: 129..130,
                            id: Name("x"),
                            ctx: Store,
                        },
                    ),
                    op: Pow,
                    value: NumberLiteral(
                        NumberLiteralExpr {
                            range: 135..136,
                            value: Int(
                                1,
                            ),
                        },
                    ),
                },
            ),
            AugAssign(
                AugAssignStmt {
                    range: 137..143,
                    target: Name(
                        NameExpr {
                            range: 137..138,
                            id: Name("x"),
                            ctx: Store,
                        },
                    ),
                    op: BitAnd,
                    value: NumberLiteral(
                        NumberLiteralExpr {
                            range: 142..143,
                            value: Int(
                                1,
                            ),
                        },
                    ),
                },
            ),
            AugAssign(
                AugAssignStmt {
                    range: 144..150,
                    target: Name(
                        NameExpr {
                            range: 144..145,
                            id: Name("x"),
                            ctx: Store,
                        },
                    ),
                    op: BitOr,
                    value: NumberLiteral(
                        NumberLiteralExpr {
                            range: 149..150,
                            value: Int(
                                1,
                            ),
                        },
                    ),
                },
            ),
            AugAssign(
                AugAssignStmt {
                    range: 151..157,
                    target: Name(
                        NameExpr {
                            range: 151..152,
                            id: Name("x"),
                            ctx: Store,
                        },
                    ),
                    op: BitXor,
                    value: NumberLiteral(
                        NumberLiteralExpr {
                            range: 156..157,
                            value: Int(
                                1,
                            ),
                        },
                    ),
                },
            ),
            AugAssign(
                AugAssignStmt {
                    range: 158..165,
                    target: Name(
                        NameExpr {
                            range: 158..159,
                            id: Name("x"),
                            ctx: Store,
                        },
                    ),
                    op: LShift,
                    value: NumberLiteral(
                        NumberLiteralExpr {
                            range: 164..165,
                            value: Int(
                                1,
                            ),
                        },
                    ),
                },
            ),
            AugAssign(
                AugAssignStmt {
                    range: 166..173,
                    target: Name(
                        NameExpr {
                            range: 166..167,
                            id: Name("x"),
                            ctx: Store,
                        },
                    ),
                    op: RShift,
                    value: NumberLiteral(
                        NumberLiteralExpr {
                            range: 172..173,
                            value: Int(
                                1,
                            ),
                        },
                    ),
                },
            ),
            AugAssign(
                AugAssignStmt {
                    range: 174..180,
                    target: Name(
                        NameExpr {
                            range: 174..175,
                            id: Name("x"),
                            ctx: Store,
                        },
                    ),
                    op: MatMult,
                    value: NumberLiteral(
                        NumberLiteralExpr {
                            range: 179..180,
                            value: Int(
                                1,
                            ),
                        },
                    ),
                },
            ),
            AugAssign(
                AugAssignStmt {
                    range: 190..212,
                    target: Name(
                        NameExpr {
                            range: 190..191,
                            id: Name("a"),
                            ctx: Store,
                        },
                    ),
                    op: FloorDiv,
                    value: BinOp(
                        BinOpExpr {
                            range: 196..212,
                            left: BinOp(
                                BinOpExpr {
                                    range: 197..202,
                                    left: Name(
                                        NameExpr {
                                            range: 197..198,
                                            id: Name("a"),
                                            ctx: Load,
                                        },
                                    ),
                                    op: Add,
                                    right: Name(
                                        NameExpr {
                                            range: 201..202,
                                            id: Name("b"),
                                            ctx: Load,
                                        },
                                    ),
                                },
                            ),
                            op: Sub,
                            right: BinOp(
                                BinOpExpr {
                                    range: 206..212,
                                    left: Name(
                                        NameExpr {
                                            range: 206..207,
                                            id: Name("c"),
                                            ctx: Load,
                                        },
                                    ),
                                    op: Pow,
                                    right: NumberLiteral(
                                        NumberLiteralExpr {
                                            range: 211..212,
                                            value: Int(
                                                2,
                                            ),
                                        },
                                    ),
                                },
                            ),
                        },
                    ),
                },
            ),
        ],
    },
)
```
